# 5-text_indentation.txt

# Test text_indentation function

>>> text_indentation = __import__('5-text_indentation').text_indentation
>>> text_indentation("John?")
John?
<BLANKLINE>

>>> text_indentation("    John.")
John.
<BLANKLINE>

>>> text_indentation("\n\n\n we just print.")
<BLANKLINE>
<BLANKLINE>
<BLANKLINE>
we just print.
<BLANKLINE>

>>> text_indentation(5)
Traceback (most recent call last):
TypeError: text must be a string

>>> text_indentation(None)
Traceback (most recent call last):
TypeError: text must be a string
